<?xml version="1.0" encoding="utf-8"?><testsuite errors="0" failures="0" name="pytest" skipped="0" tests="1" time="0.121"><testcase classname="PythonChessAppTest.CheckIsCheckmate" file="PythonChessAppTest.py" line="12" name="test_Checkmate" time="0.003"></testcase></testsuite>